// Jest Snapshot v1, https://goo.gl/fbAQLP

exports[`App snapshots header renders correctly 1`] = `
<header
  className="header"
>
  <div>
    <img
      alt="planet"
      src="planet.png"
    />
    <h1>
      Space Travelers' Hub
    </h1>
  </div>
  <nav>
    <ul
      className="navigation"
    >
      <li>
        <a
          aria-current="page"
          className="active"
          href="/"
          onClick={[Function]}
          style={
            Object {
              "textDecoration": "underline",
            }
          }
        >
          Rockets
        </a>
      </li>
      <li>
        <a
          className=""
          href="/missions"
          onClick={[Function]}
          style={
            Object {
              "textDecoration": "none",
            }
          }
        >
          Missions
        </a>
      </li>
      <li>
        <a
          className=""
          href="/dragons"
          onClick={[Function]}
          style={
            Object {
              "textDecoration": "none",
            }
          }
        >
          Dragons
        </a>
      </li>
      <li
        className="item"
      />
      <li>
        <a
          className=""
          href="/profile"
          onClick={[Function]}
          style={
            Object {
              "textDecoration": "none",
            }
          }
        >
          My Profile
        </a>
      </li>
    </ul>
  </nav>
</header>
`;

exports[`App snapshots profile renders correctly 1`] = `
<div
  className="tablesContainer"
>
  <div
    className="eachTable"
  >
    <p>
      My Missions
    </p>
    <table
      className="profilePage"
    />
  </div>
  <div
    className="eachTable"
  >
    <p>
      My Rockets
    </p>
    <table
      className="profilePage"
    />
  </div>
  <div
    className="eachTable"
  >
    <p>
      My Dragons
    </p>
    <table
      className="profilePage"
    />
  </div>
</div>
`;
